// Jest Snapshot v1, https://goo.gl/fbAQLP

exports[`service blueprint should compose a blueprint string from routes object 1`] = `
Array [
  "# Cowboy",
  "# Bebop",
]
`;
